// Jest Snapshot v1, https://goo.gl/fbAQLP

exports[`profile renders correctly 1`] = `
<div
  className="bg-background bg-signin-background bg-cover bg-no-repeat w-full min-h-[100vh] flex flex-col justify-center items-center content-center"
>
  <div
    className="p-10 mt-14 mb-14 w-5/6 items-center justify center bg-background rounded-lg flex flex-col"
  >
    <img
      alt="ProfileImg"
      className="rounded-full w-36"
      src="profileImg2.jpg"
    />
    <h1
      className="font-bold text-[20px] sm:text-[26px] lg:text-[34px] text-primary"
    >
      User Name
    </h1>
    <h3
      className="font-semibold text-[14px] sm:text-[18px] lg:text-[24px] text-primary"
    >
      Country, City
    </h3>
    <h5
      className="font-semibold text-[14px] sm:text-[18px] lg:text-[24px] text-primary"
    >
      Contact No. 
    </h5>
    <h5
      className="font-semibold text-[14px] sm:text-[18px] lg:text-[24px] text-primary"
    >
      Email 
    </h5>
    <hr />
    <h3
      className="font-bold text-[14px] sm:text-[18px] lg:text-[24px] text-primary"
    >
      My Items
    </h3>
    <div
      className="flex flex-row "
    >
      <div
        className="font-semibold text-[14px] sm:text-[18px] lg:text-[24px] text-background bg-primary p-6 m-2"
      >
        Item 1
      </div>
      <div
        className="font-semibold text-[14px] sm:text-[18px] lg:text-[24px] text-background bg-primary p-6 m-2"
      >
        Item 2
      </div>
      <div
        className="font-semibold text-[14px] sm:text-[18px] lg:text-[24px] text-background bg-primary p-6 m-2"
      >
        Item 3
      </div>
      <div
        className="font-semibold text-[14px] sm:text-[18px] lg:text-[24px] text-background bg-primary p-6 m-2"
      >
        Item 4
      </div>
      <div
        className="font-semibold text-[14px] sm:text-[18px] lg:text-[24px] text-background bg-primary p-6 m-2"
      >
        Item 5
      </div>
    </div>
  </div>
</div>
`;
