// Jest Snapshot v1, https://goo.gl/fbAQLP

exports[`Profile Page Rendered Correctly 1`] = `
<div
  data-testid="Profile-page"
>
  <div
    class="mt-14 bg-background bg-signin-background bg-cover bg-no-repeat w-full min-h-[100vh] flex flex-col justify-center items-center content-center"
  >
    <div
      class=" mt-14 mb-14 w-5/6 bg-background rounded-lg flex flex-col justify-center items-center content-center"
    >
      <button
        class="pt-4 px-2 "
        type="button"
      >
        <svg
          class="w-6 h-6"
          xmlns="http://www.w3.org/2000/svg"
        >
          <path
            d="M6 10a2 2 0 11-4 0 2 2 0 014 0zM12 10a2 2 0 11-4 0 2 2 0 014 0zM16 12a2 2 0 100-4 2 2 0 000 4z"
          />
        </svg>
      </button>
      <div
        class="flex flex-col items-center justify-center content-center  mb-14 items-center justify-center content-center bg-background rounded-lg  pt-4"
      >
        <img
          alt="DefaultProfileImg"
          class="rounded-full w-36"
          src="https://cdn.discordapp.com/attachments/1034545397361815553/1041828532290072647/image.png"
        />
        <h1
          class="font-bold text-[20px] sm:text-[26px] lg:text-[34px] text-primary"
        >
          User Name
        </h1>
        <h3
          class="font-semibold text-[14px] sm:text-[18px] lg:text-[24px] text-primary"
        >
          Country, City
        </h3>
        <h5
          class="font-semibold text-[14px] sm:text-[18px] lg:text-[24px] text-primary"
        >
          Contact No. 
        </h5>
        <h5
          class="font-semibold text-[14px] sm:text-[18px] lg:text-[24px] text-primary mb-5"
        >
          Email 
        </h5>
        <div
          class=" items-center divide-x border-t border-primary "
        >
          <div
            class="flex-grow border-t border-primary divide-x"
          />
          <h3
            class="flex-shrink mx-16 font-bold text-[14px] sm:text-[18px] lg:text-[24px] text-primary mt-3 mb-3"
          >
            My Items
          </h3>
        </div>
        <div
          class="flex flex-row flex-wrap items-center justify-center "
        >
          <div
            class="flex flex-col text-background bg-primary p-2 m-1 rounded-lg items-center justify-center content-center "
          >
            <img
              alt="item1"
              class="w-[140px] sm:w-[200px] lg:w-[320px] rounded-lg"
              src="Item1.jpg"
            />
            <p
              class="font-bold text-[14px] sm:text-[18px] lg:text-[24px] "
            >
               Item name 
            </p>
            <p
              class="font-semibold text-[14px] sm:text-[18px] lg:text-[22px] "
            >
              Item details
            </p>
            <p
              class=" text-[14px] sm:text-[18px] lg:text-[22px] "
            >
              Price 
            </p>
          </div>
          <div
            class="flex flex-col text-background bg-primary p-2 m-1 rounded-lg items-center justify-center content-center "
          >
            <img
              alt="item1"
              class="w-[140px] sm:w-[200px] lg:w-[320px] rounded-lg"
              src="Item1.jpg"
            />
            <p
              class="font-bold text-[14px] sm:text-[18px] lg:text-[24px] "
            >
               Item name 
            </p>
            <p
              class="font-semibold text-[14px] sm:text-[18px] lg:text-[22px] "
            >
              Item details
            </p>
            <p
              class=" text-[14px] sm:text-[18px] lg:text-[22px] "
            >
              Price 
            </p>
          </div>
          <div
            class="flex flex-col text-background bg-primary p-2 m-1 rounded-lg items-center justify-center content-center "
          >
            <img
              alt="item1"
              class="w-[140px] sm:w-[200px] lg:w-[320px] rounded-lg"
              src="Item1.jpg"
            />
            <p
              class="font-bold text-[14px] sm:text-[18px] lg:text-[24px] "
            >
               Item name 
            </p>
            <p
              class="font-semibold text-[14px] sm:text-[18px] lg:text-[22px] "
            >
              Item details
            </p>
            <p
              class=" text-[14px] sm:text-[18px] lg:text-[22px] "
            >
              Price 
            </p>
          </div>
          <div
            class="flex flex-col text-background bg-primary p-2 m-1 rounded-lg items-center justify-center content-center "
          >
            <img
              alt="item1"
              class="w-[140px] sm:w-[200px] lg:w-[320px] rounded-lg"
              src="Item1.jpg"
            />
            <p
              class="font-bold text-[14px] sm:text-[18px] lg:text-[24px] "
            >
               Item name 
            </p>
            <p
              class="font-semibold text-[14px] sm:text-[18px] lg:text-[22px] "
            >
              Item details
            </p>
            <p
              class=" text-[14px] sm:text-[18px] lg:text-[22px] "
            >
              Price 
            </p>
          </div>
          <div
            class="flex flex-col text-background bg-primary p-2 m-1 rounded-lg items-center justify-center content-center "
          >
            <img
              alt="item1"
              class="w-[140px] sm:w-[200px] lg:w-[320px] rounded-lg"
              src="Item1.jpg"
            />
            <p
              class="font-bold text-[14px] sm:text-[18px] lg:text-[24px] "
            >
               Item name 
            </p>
            <p
              class="font-semibold text-[14px] sm:text-[18px] lg:text-[22px] "
            >
              Item details
            </p>
            <p
              class=" text-[14px] sm:text-[18px] lg:text-[22px] "
            >
              Price 
            </p>
          </div>
        </div>
        <button
          class="sm:w-96 w-80 font-semibold shadow-lg my-2 bg-primary text-background py-2 rounded-md hover:bg-tertiary hover:text-primary duration-500"
          type="button"
        >
           Add New Item 
        </button>
      </div>
    </div>
  </div>
</div>
`;
