// Jest Snapshot v1, https://goo.gl/fbAQLP

exports[`Add item button component rendered correctly 1`] = `
<a
  href="/add-item"
  onClick={[Function]}
>
  <div
    className="btn__container"
  >
    <button
      className="bg-secondary hover:bg-tertiary text-white font-bold py-2 px-4 rounded-lg shadow-md hover:shadow-none transition duration-200"
      type="button"
    >
      add_item_button.add_item
    </button>
  </div>
</a>
`;
