// Jest Snapshot v1, https://goo.gl/fbAQLP

exports[`redering footer 1`] = `
<footer
  className="p-4 bg-gradient-to-br from-background via-background to-secondary shadow md:p-5 border-t"
>
  <div
    className="lg:grid lg:grid-cols-4 gap-4"
  >
    <a
      className="flex lg:flex-row flex-col mb-4 sm:mb-0 col-span-2 lg:justify-start justify-center"
      href="/"
      onClick={[Function]}
    >
      <img
        alt="Flowbite Logo"
        className="mr-3 h-32 w-min lg:self-start self-center"
        src="https://cdn.discordapp.com/attachments/1031834305703460906/1035627738440159303/Asset_23.png"
      />
      <span
        className="self-center lg:text-start text-center text-3xl lg:mb-0 mb-3 font-semibold text-primary"
      >
        footer.designed_to_meet_your_needs
      </span>
    </a>
    <div
      className="col-span-1 flex lg:my-0 my-3 mx-3 lg:justify-start justify-center text-center"
    >
      <ul
        className="mb-6 text-lg text-primary sm:mb-0 font-base justify-self-center"
      >
        <span
          className="text-2xl font-bold text-primary"
        >
          footer.quick_links
        </span>
        <li>
          <a
            className="mr-4 hover:underline hover:text-tertiary duration-200"
            href="/"
            onClick={[Function]}
          >
            footer.home
          </a>
        </li>
        <li>
          <a
            className="mr-4 hover:underline hover:text-tertiary duration-200"
            href="/about"
            onClick={[Function]}
          >
            footer.meet_the_team
          </a>
        </li>
        <li>
          <a
            className="mr-4 hover:underline hover:text-tertiary duration-200"
            href="/faq"
            onClick={[Function]}
          >
            footer.faq
          </a>
        </li>
      </ul>
    </div>
    <div
      className="col-span-1 mx-3 flex lg:justify-start justify-center text-center"
    >
      <ul
        className="mb-6  text-primary sm:mb-0 font-base"
      >
        <span
          className="text-2xl font-bold text-primary"
        >
          footer.contact_us
        </span>
        <li>
          <a
            className="hover:text-tertiary hover:underline text-lg duration-200 h-8 w-5 inline"
            href="/contact-us"
            onClick={[Function]}
          >
            footer.send_feedback
          </a>
        </li>
        <li>
          <a
            href="mailto:dilmun.recoded@gmail.com"
          >
            <svg
              className=" hover:text-tertiary duration-200 text-base h-8 w-5 inline"
              fill="currentColor"
              height="1em"
              stroke="currentColor"
              strokeWidth="0"
              style={
                Object {
                  "color": undefined,
                }
              }
              viewBox="0 0 24 24"
              width="1em"
              xmlns="http://www.w3.org/2000/svg"
            >
              <path
                d="M0 0h24v24H0z"
                fill="none"
              />
              <path
                d="M20 4H4c-1.1 0-1.99.9-1.99 2L2 18c0 1.1.9 2 2 2h16c1.1 0 2-.9 2-2V6c0-1.1-.9-2-2-2zm0 4l-8 5-8-5V6l8 5 8-5v2z"
              />
            </svg>
          </a>
        </li>
      </ul>
    </div>
  </div>
  <hr
    className="my-4 border-secondary sm:mx-auto lg:my-6"
  />
  <span
    className="block text-sm text-secondary lg:text-start text-center"
  >
    © 2022
    <a
      className="hover:underline"
      href="/"
      onClick={[Function]}
    >
       
      Dilmun™
    </a>
    . All Rights Reserved.
  </span>
</footer>
`;
