// Jest Snapshot v1, https://goo.gl/fbAQLP

exports[`redering divs correctly correctly 1`] = `undefined`;

exports[`redering footer 1`] = `
<footer
  className="p-4 bg-background rounded-lg shadow md:flex md:items-center md:justify-between md:p-6"
>
  <span
    className="text-sm text-primary sm:text-center "
  >
    © 2022 
    <a
      className="hover:underline"
      href="/"
      onClick={[Function]}
    >
      Dilmun™
    </a>
    . All Rights Reserved.
  </span>
  <ul
    className="flex flex-wrap items-center mt-3 text-sm text-primary sm:mt-0"
  >
    <li>
      <a
        className="mr-4 hover:underline md:mr-6 "
        href="/"
        onClick={[Function]}
      >
        Home
      </a>
    </li>
    <li>
      <a
        className="mr-4 hover:underline md:mr-6"
        href="/about"
        onClick={[Function]}
      >
        About
      </a>
    </li>
    <li>
      <a
        className="mr-4 hover:underline md:mr-6"
        href="/faq"
        onClick={[Function]}
      >
        FAQ
      </a>
    </li>
  </ul>
</footer>
`;
