// Jest Snapshot v1, https://goo.gl/fbAQLP

exports[`Sign In Page Renders Correctly 1`] = `
<div
  class="bg-background"
  data-testid="filter"
>
  <div>
    <main
      class="mx-auto max-w-7xl px-4 sm:px-6 lg:px-8"
    >
      <div
        class="flex items-baseline justify-between border-b border-gray-200 pt-24 pb-6"
      >
        <h1
          class="text-4xl font-bold tracking-tight text-primary"
        >
          New Arrivals
        </h1>
        <div
          class="flex items-center"
        >
          <button
            class="-m-2 ml-5 p-2 text-secondary hover:text-primary sm:ml-7"
            type="button"
          >
            <span
              class="sr-only"
            >
              View grid
            </span>
            <svg
              aria-hidden="true"
              class="h-5 w-5"
              fill="currentColor"
              viewBox="0 0 20 20"
              xmlns="http://www.w3.org/2000/svg"
            >
              <path
                clip-rule="evenodd"
                d="M4.25 2A2.25 2.25 0 002 4.25v2.5A2.25 2.25 0 004.25 9h2.5A2.25 2.25 0 009 6.75v-2.5A2.25 2.25 0 006.75 2h-2.5zm0 9A2.25 2.25 0 002 13.25v2.5A2.25 2.25 0 004.25 18h2.5A2.25 2.25 0 009 15.75v-2.5A2.25 2.25 0 006.75 11h-2.5zm9-9A2.25 2.25 0 0011 4.25v2.5A2.25 2.25 0 0013.25 9h2.5A2.25 2.25 0 0018 6.75v-2.5A2.25 2.25 0 0015.75 2h-2.5zm0 9A2.25 2.25 0 0011 13.25v2.5A2.25 2.25 0 0013.25 18h2.5A2.25 2.25 0 0018 15.75v-2.5A2.25 2.25 0 0015.75 11h-2.5z"
                fill-rule="evenodd"
              />
            </svg>
          </button>
          <button
            class="-m-2 ml-4 p-2 text-secondary hover:text-primary sm:ml-6 lg:hidden"
            type="button"
          >
            <span
              class="sr-only"
            >
              Filters
            </span>
            <svg
              aria-hidden="true"
              class="h-5 w-5"
              fill="currentColor"
              viewBox="0 0 20 20"
              xmlns="http://www.w3.org/2000/svg"
            >
              <path
                clip-rule="evenodd"
                d="M2.628 1.601C5.028 1.206 7.49 1 10 1s4.973.206 7.372.601a.75.75 0 01.628.74v2.288a2.25 2.25 0 01-.659 1.59l-4.682 4.683a2.25 2.25 0 00-.659 1.59v3.037c0 .684-.31 1.33-.844 1.757l-1.937 1.55A.75.75 0 018 18.25v-5.757a2.25 2.25 0 00-.659-1.591L2.659 6.22A2.25 2.25 0 012 4.629V2.34a.75.75 0 01.628-.74z"
                fill-rule="evenodd"
              />
            </svg>
          </button>
        </div>
      </div>
      <section
        aria-labelledby="products-heading"
        class="pt-6 pb-24"
      >
        <h2
          class="sr-only"
          id="products-heading"
        >
          Products
        </h2>
        <div
          class="grid grid-cols-1 gap-x-8 gap-y-10 lg:grid-cols-4"
        >
          <form
            class="hidden lg:block"
          >
            <div
              class="border-b border-gray-200 py-6"
              data-headlessui-state="open"
            >
              <h3
                class="-my-3 flow-root"
              >
                <button
                  aria-controls="headlessui-disclosure-panel-:r1:"
                  aria-expanded="true"
                  class="flex w-full items-center justify-between bg-background py-3 text-sm text-primary hover:text-secondary"
                  data-headlessui-state="open"
                  id="headlessui-disclosure-button-:r0:"
                  type="button"
                >
                  <span
                    class="font-medium text-primary"
                  >
                    Category
                  </span>
                  <span
                    class="ml-6 flex items-center"
                  >
                    <svg
                      aria-hidden="true"
                      class="h-5 w-5"
                      fill="currentColor"
                      viewBox="0 0 20 20"
                      xmlns="http://www.w3.org/2000/svg"
                    >
                      <path
                        clip-rule="evenodd"
                        d="M4 10a.75.75 0 01.75-.75h10.5a.75.75 0 010 1.5H4.75A.75.75 0 014 10z"
                        fill-rule="evenodd"
                      />
                    </svg>
                  </span>
                </button>
              </h3>
              <div
                class="pt-6"
                data-headlessui-state="open"
                id="headlessui-disclosure-panel-:r1:"
              >
                <div
                  class="space-y-4"
                >
                  <div
                    class="flex items-center"
                  >
                    <input
                      checked=""
                      class="h-4 w-4 rounded border-gray-300 text-primary focus:ring-secondary"
                      id="filter-category-0"
                      name="category[]"
                      type="checkbox"
                      value="men"
                    />
                    <label
                      class="ml-3 text-sm text-primary select-none"
                      for="filter-category-0"
                    >
                      Men
                    </label>
                  </div>
                  <div
                    class="flex items-center"
                  >
                    <input
                      class="h-4 w-4 rounded border-gray-300 text-primary focus:ring-secondary"
                      id="filter-category-1"
                      name="category[]"
                      type="checkbox"
                      value="women"
                    />
                    <label
                      class="ml-3 text-sm text-primary select-none"
                      for="filter-category-1"
                    >
                      Women
                    </label>
                  </div>
                  <div
                    class="flex items-center"
                  >
                    <input
                      class="h-4 w-4 rounded border-gray-300 text-primary focus:ring-secondary"
                      id="filter-category-2"
                      name="category[]"
                      type="checkbox"
                      value="kids"
                    />
                    <label
                      class="ml-3 text-sm text-primary select-none"
                      for="filter-category-2"
                    >
                      Kids
                    </label>
                  </div>
                  <div
                    class="flex items-center"
                  >
                    <input
                      class="h-4 w-4 rounded border-gray-300 text-primary focus:ring-secondary"
                      id="filter-category-3"
                      name="category[]"
                      type="checkbox"
                      value="toys"
                    />
                    <label
                      class="ml-3 text-sm text-primary select-none"
                      for="filter-category-3"
                    >
                      Toys
                    </label>
                  </div>
                  <div
                    class="flex items-center"
                  >
                    <input
                      class="h-4 w-4 rounded border-gray-300 text-primary focus:ring-secondary"
                      id="filter-category-4"
                      name="category[]"
                      type="checkbox"
                      value="electronics"
                    />
                    <label
                      class="ml-3 text-sm text-primary select-none"
                      for="filter-category-4"
                    >
                      Electronics
                    </label>
                  </div>
                  <div
                    class="flex items-center"
                  >
                    <input
                      class="h-4 w-4 rounded border-gray-300 text-primary focus:ring-secondary"
                      id="filter-category-5"
                      name="category[]"
                      type="checkbox"
                      value="home"
                    />
                    <label
                      class="ml-3 text-sm text-primary select-none"
                      for="filter-category-5"
                    >
                      Home
                    </label>
                  </div>
                </div>
              </div>
            </div>
            <div
              class="border-b border-gray-200 py-6"
              data-headlessui-state=""
            >
              <h3
                class="-my-3 flow-root"
              >
                <button
                  aria-expanded="false"
                  class="flex w-full items-center justify-between bg-background py-3 text-primary hover:text-secondary"
                  data-headlessui-state=""
                  id="headlessui-disclosure-button-:r2:"
                  type="button"
                >
                  <span
                    class="font-medium text-primary"
                  >
                    Price
                  </span>
                  <span
                    class="ml-6 flex items-center"
                  >
                    <svg
                      aria-hidden="true"
                      class="h-5 w-5"
                      fill="currentColor"
                      viewBox="0 0 20 20"
                      xmlns="http://www.w3.org/2000/svg"
                    >
                      <path
                        d="M10.75 4.75a.75.75 0 00-1.5 0v4.5h-4.5a.75.75 0 000 1.5h4.5v4.5a.75.75 0 001.5 0v-4.5h4.5a.75.75 0 000-1.5h-4.5v-4.5z"
                      />
                    </svg>
                  </span>
                </button>
              </h3>
            </div>
          </form>
          <div
            class="lg:col-span-3"
          >
            <div
              class="h-96 rounded-lg border-4 border-dashed border-gray-200 lg:h-full"
            />
          </div>
        </div>
      </section>
    </main>
  </div>
</div>
`;
