// Jest Snapshot v1, https://goo.gl/fbAQLP

exports[`City input rendered correctly 1`] = `
<div
  data-testid="city-input"
>
  <div
    class="relative border-2 rounded-md mb-2 text-background border-tertiary "
  >
    <input
      class="outline-none w-full rounded bg-transparent text-sm transition-all duration-200 ease-in-out p-2  "
      id="city"
      name="city"
      type="text"
    />
    <label
      class="absolute top-0 left-0 flex items-center text-tertiary text-opacity-50 p-2 transition-all duration-200 ease-in-out text-sm "
      for="city"
    />
  </div>
</div>
`;
