// Jest Snapshot v1, https://goo.gl/fbAQLP

exports[`UserItemCard renders correctly 1`] = `
<a
  href="/product/undefined"
  onClick={[Function]}
>
  <div
    className="my-10 relative flex flex-col md:flex-row md:space-x-5 space-y-3 md:space-y-0 rounded-xl shadow-lg p-3 max-w-xs md:max-w-3xl border border-background bg-primary"
  >
    <div
      className=" md:w-64 max-w-xs md:h-64 h-80 bg-transparent grid place-items-center"
    >
      <img
        alt="Title of Item Goes Here"
        className="rounded-xl md:w-full h-auto overflow-hidden "
        src="https://images.pexels.com/photos/4381392/pexels-photo-4381392.jpeg?auto=compress&cs=tinysrgb&dpr=1&w=500"
      />
    </div>
    <div
      className="w-full md:w-2/3 bg-background flex flex-col space-y-2 p-3 rounded-xl justify-between"
    >
      <div
        className="flex justify-between item-center"
      >
        <p
          className="text-secondary font-medium text-lg"
        >
          Item Type
        </p>
        <div
          className="flex gap-2 justify-between items-center"
        >
          <span
            className="group relative"
          >
            <span
              className="pointer-events-none absolute -top-10 left-1/2 -translate-x-1/2 whitespace-nowrap rounded bg-black px-2 py-1 text-white opacity-0 transition before:absolute before:left-1/2 before:top-full before:-translate-x-1/2 before:border-4 before:border-transparent before:border-t-black before:content-[''] group-hover:opacity-100"
            >
              delete_item
            </span>
            <button
              className="relative inline-flex items-center justify-center p-1 px-1 py-2 overflow-hidden transition duration-300 ease-out rounded-full group"
              onClick={[Function]}
              type="button"
            >
              <span
                className="absolute inset-0 flex items-center justify-center w-full h-full duration-300 -translate-x-full  group-hover:translate-x-0 ease"
              >
                <img
                  alt=""
                  className="w-6 h-6 "
                  src="https://cdn.discordapp.com/attachments/1043477388589277264/1045835010378321970/recycle-bin-removebg-preview.png"
                />
              </span>
              <span
                className="absolute flex items-center justify-center w-full h-full transition-all duration-300 transform group-hover:translate-x-full ease"
              >
                <img
                  alt=""
                  className="w-6 h-6 "
                  src="https://cdn.discordapp.com/attachments/1043477388589277264/1045146842305933402/trash.png"
                />
              </span>
              <span
                className="relative invisible"
              >
                <img
                  alt=""
                  className="w-6 h-6 "
                  src="https://cdn.discordapp.com/attachments/1043477388589277264/1045146842305933402/trash.png"
                />
              </span>
            </button>
          </span>
          <div
            className="flex items-center justify-end bg-background p-3"
            data-testid="edit-item"
          >
            <button
              onClick={[Function]}
              type="button"
            >
              <span
                className="group relative"
              >
                <span
                  className="pointer-events-none absolute -top-10 left-1/2 -translate-x-1/2 whitespace-nowrap rounded bg-black px-2 py-1 text-white opacity-0 transition before:absolute before:left-1/2 before:top-full before:-translate-x-1/2 before:border-4 before:border-transparent before:border-t-black before:content-[''] group-hover:opacity-100"
                >
                  Edit Item
                </span>
                <svg
                  className="h-8 w-8 text-primary"
                  fill="currentColor"
                  height="1em"
                  stroke="currentColor"
                  strokeWidth="0"
                  style={
                    Object {
                      "color": undefined,
                    }
                  }
                  viewBox="0 0 24 24"
                  width="1em"
                  xmlns="http://www.w3.org/2000/svg"
                >
                  <path
                    d="m7 17.013 4.413-.015 9.632-9.54c.378-.378.586-.88.586-1.414s-.208-1.036-.586-1.414l-1.586-1.586c-.756-.756-2.075-.752-2.825-.003L7 12.583v4.43zM18.045 4.458l1.589 1.583-1.597 1.582-1.586-1.585 1.594-1.58zM9 13.417l6.03-5.973 1.586 1.586-6.029 5.971L9 15.006v-1.589z"
                  />
                  <path
                    d="M5 21h14c1.103 0 2-.897 2-2v-8.668l-2 2V19H8.158c-.026 0-.053.01-.079.01-.033 0-.066-.009-.1-.01H5V5h6.847l2-2H5c-1.103 0-2 .897-2 2v14c0 1.103.897 2 2 2z"
                  />
                </svg>
              </span>
            </button>
          </div>
        </div>
      </div>
      <h3
        className="font-black text-primary md:text-2xl text-xl"
      >
        Title of Item Goes Here
      </h3>
      <h5
        className="text-base py-1 font-base text-primary"
      >
        D
        escription of item Here...
        ...
      </h5>
      <div
        className="flex justify-between item-center"
      >
        <p
          className="text-xl font-black text-secondary"
        >
          110
           $
        </p>
        <div
          className="flex justify-center items-center"
        >
          <span
            className="text-xs font-medium text-background bg-secondary bg-opacity-50 rounded-full px-2 py-1 mr-2 shadow-md"
          />
        </div>
      </div>
    </div>
  </div>
</a>
`;
