// Jest Snapshot v1, https://goo.gl/fbAQLP

exports[`Input renders correctly 1`] = `
<div
  className="relative border-2 rounded-md mb-2 text-background border-tertiary "
>
  <input
    className="outline-none w-full rounded bg-transparent text-sm transition-all duration-200 ease-in-out p-2  "
    disabled={false}
    onClick={[Function]}
  />
  <label
    className="absolute top-0 left-0 flex items-center text-tertiary text-opacity-50 p-2 transition-all duration-200 ease-in-out text-sm "
  />
</div>
`;
