// Jest Snapshot v1, https://goo.gl/fbAQLP

exports[`render NewsLetter correctly 1`] = `
<div
  class=" grid grid-col-2 pt-14 pb-14 pr-10 pl-10 hadow-md bg-background"
  data-testid="newsletter"
>
  <div
    class="text-primary flex flex-col lg:flex-row items-center lg:justify-around justify-center"
  >
    <div
      class="flex flex-col lg:flex-row lg:justify-start justify-center items-center"
    >
      <img
        alt="email"
        class="w-24 md:w-40 h-100"
        src="https://www.freepnglogos.com/uploads/blue-email-logo-png-4.png"
      />
      <h1
        class="text-[40px] mb-3 sm:mb-0 lg:text-start text-center"
      />
    </div>
    <div
      class="mt-4 flex flex-col items-center justify-center"
    >
      <p
        class="text-primary mb-5 lg:text-end text-center"
      >
        news_letter.description
      </p>
      <div
        class="items-center"
      >
        <form>
          <input
            class="rounded p-1 w-full lg:w-fit md:p-2 mb-3 lg:mb-0 placeholder:text-tertiary border border-solid mr-2"
            name="email"
            placeholder="news_letter.email"
            required=""
            type="text"
          />
          <button
            class="bg-tertiary px-2 py-2 w-full lg:w-auto text-white font-semibold rounded-lg hover:shadow-lg hover:bg-secondary transition duration-500 cursor-pointer"
            type="submit"
          >
            news_letter.subscribe
          </button>
        </form>
      </div>
    </div>
  </div>
</div>
`;
