// Jest Snapshot v1, https://goo.gl/fbAQLP

exports[`render correctly: 

          <h1 className=' text-background text-7xl font-bold  '>
            Welcome to Dilmun
          </h1>
          <p className='text-background text-xl my-4'>Your Way to Get Quality Products!</p>
         
            <button type='button' className="bg-secondary hover:bg-tertiary text-white font-bold py-2 px-4 rounded-full">
            Sign Up
            </button>
    `;